// Jest Snapshot v1, https://goo.gl/fbAQLP

exports[`MyProfile page rendering 1`] = `
<div
  className="myProfile"
>
  <div
    className="col-md-6"
  >
    <div
      className="card"
    >
      <div
        className="card-body"
      >
        <h1
          className="cardTitle"
        >
          My Missions
        </h1>
        <hr />
        <h3
          className="text-center"
        >
          No Missions Joined
        </h3>
        <hr />
      </div>
    </div>
  </div>
  <div
    className="col-md-6"
  >
    <div
      className="card"
    >
      <div
        className="card-body"
      >
        <h1
          className="cardTitle"
        >
          My Rockets
        </h1>
        <hr />
        <h3
          className="text-center"
        >
          No Rockets Joined
        </h3>
        <hr />
      </div>
    </div>
  </div>
</div>
`;
