// Jest Snapshot v1, https://goo.gl/fbAQLP

exports[`Rockets page rendering 1`] = `<div />`;
